// Jest Snapshot v1, https://goo.gl/fbAQLP

exports[`failing.melody.twig 1`] = `
{% if searchResultFailing %}
<li><span><!--//--></span>No results found</li>
{% endif %}

<span data-whitespace-test="Testing: {{- noWhitespaceTest -}} foo">Test</span>

{% set isRewardRate = isMarriottRewardRate or 
    (rewardRateAltIds 
        and deal.dealId in rewardRateAltIds[accommodation.id.id]) 
%}

{% if isRTL %}&#8206;{% endif %}

{% include './usefulDeal.melody.twig' with deal | merge(
    {
        'index': loop.index0,
        'isOverview': isOverview,
        'isRTL': isRTL,
        'useWiderItems': useWiderItems
    }
) only %}
~~~~~~~~~~~~~~~~~~~~~~~~~~~~~~~~~~~~~~~~~~~~~~~~~~~~~~~~~~~~~~~~~~~~~~~~~~~~~~~~
{% if searchResultFailing %}
    <li><span></span>No results found</li>
{% endif %}

<span data-whitespace-test="{{ "Testing:" ~ noWhitespaceTest ~ "foo" }}">
    Test
</span>

{% set isRewardRate =
    isMarriottRewardRate
    or rewardRateAltIds and deal.dealId in rewardRateAltIds[accommodation.id.id]
%}

{% if isRTL %}
    â€Ž
{% endif %}

{% include "./usefulDeal.melody.twig" with deal | merge(
    {
        "index": loop.index0,
        "isOverview": isOverview,
        "isRTL": isRTL,
        "useWiderItems": useWiderItems
    }
) only %}
`;
