// Jest Snapshot v1, https://goo.gl/fbAQLP

exports[`alwaysBreakObjects.melody.twig 1`] = `
<section class="{{ {
    base: css.prices
} | classes }}">
</section>
~~~~~~~~~~~~~~~~~~~~~~~~~~~~~~~~~~~~~~~~~~~~~~~~~~~~~~~~~~~~~~~~~~~~~~~~~~~~~~~~
<section class="{{ { base: css.prices } | classes }}"></section>

`;

exports[`printWidth.melody.twig 1`] = `
<span attr1="one" attr2="two" attr3="three" attr4="four" attr5="five" attr6="six" attr7="seven" attr8="abcd">Text</span>

<span attr1="one" attr2="two" attr3="three" attr4="four" attr5="five" attr6="six" attr7="seven" attr8="abcde">Text</span>
~~~~~~~~~~~~~~~~~~~~~~~~~~~~~~~~~~~~~~~~~~~~~~~~~~~~~~~~~~~~~~~~~~~~~~~~~~~~~~~~
<span attr1="one" attr2="two" attr3="three" attr4="four" attr5="five" attr6="six" attr7="seven" attr8="abcd">Text</span>

<span attr1="one" attr2="two" attr3="three" attr4="four" attr5="five" attr6="six" attr7="seven" attr8="abcde">
    Text
</span>

`;
