// Jest Snapshot v1, https://goo.gl/fbAQLP

exports[`autoescape.melody.twig 1`] = `
{% autoescape 'html' %}

<button type="button">Click me</button>

<span>Yes</span>

{% endautoescape %}
~~~~~~~~~~~~~~~~~~~~~~~~~~~~~~~~~~~~~~~~~~~~~~~~~~~~~~~~~~~~~~~~~~~~~~~~~~~~~~~~
{% autoescape "html" %}
    <button type="button">Click me</button>

    <span>Yes</span>
{% endautoescape %}
`;

exports[`do.melody.twig 1`] = `
{% do 1 + 2 %}
~~~~~~~~~~~~~~~~~~~~~~~~~~~~~~~~~~~~~~~~~~~~~~~~~~~~~~~~~~~~~~~~~~~~~~~~~~~~~~~~
{% do 1 + 2 %}
`;

exports[`filter.melody.twig 1`] = `
{% filter upper %}
    This text becomes uppercase
{% endfilter %}

{% filter lower|escape('html') | upper | escape('markdown') | lower | upper | escape('markdown') %}
    <strong>SOME TEXT</strong>

    <p>The cat is taking a nap in the sunshine.</p>

    
{% endfilter %}
~~~~~~~~~~~~~~~~~~~~~~~~~~~~~~~~~~~~~~~~~~~~~~~~~~~~~~~~~~~~~~~~~~~~~~~~~~~~~~~~
{% filter upper %}
    This text becomes uppercase
{% endfilter %}

{% filter lower
    | escape("html")
    | upper
    | escape("markdown")
    | lower
    | upper
    | escape("markdown")
%}
    <strong>SOME TEXT</strong>

    <p>The cat is taking a nap in the sunshine.</p>
{% endfilter %}
`;

exports[`macro.melody.twig 1`] = `
{% macro input(name, value, type, size, shape, colour, taste, flash, broom, lawn, cloud, sky, hedgehog) %}
    <input type="{{ type }}" name="{{ name }}" value="{{ value|e }}" size="{{ size }}" />
{% endmacro %}

{% macro wrapped_input(name, value, type, size) %}
    {% import _self as forms %}

    <div class="field">
        {{ forms.input(name, value, type, size) }}
    </div>
{% endmacro %}

{% macro whitespaceRemoval(name, value, type, size) %}

    <div class="field">
        {{ forms.input(name, value, type, size) }}
    </div>


{% endmacro %}
~~~~~~~~~~~~~~~~~~~~~~~~~~~~~~~~~~~~~~~~~~~~~~~~~~~~~~~~~~~~~~~~~~~~~~~~~~~~~~~~
{% macro input(
    name,
    value,
    type,
    size,
    shape,
    colour,
    taste,
    flash,
    broom,
    lawn,
    cloud,
    sky,
    hedgehog)
%}
    <input
        type="{{ type }}"
        name="{{ name }}"
        value="{{ value | e }}"
        size="{{ size }}"
    />
{% endmacro %}

{% macro wrapped_input( name, value, type, size) %}
    {% import _self as forms %}

    <div class="field">{{ forms.input(name, value, type, size) }}</div>
{% endmacro %}

{% macro whitespaceRemoval( name, value, type, size) %}
    <div class="field">{{ forms.input(name, value, type, size) }}</div>
{% endmacro %}
`;

exports[`set.melody.twig 1`] = `
{% set list = [1, 2] %}
{% set foo = 0 %}
{% set foo = 'foo' ~ 'bar' %}
{% set foo = {'fruit': 'apple', 'shape': 'round', 'taste': 'sweet', 'region': 'Europe' } %}
{% set foo = {'fruit': 'apple', 'shape': 'round', 'taste': 'sweet', 'region': 'Europe', 'colour': 'reddish' } %}
{% set foo, bar = 'foo', 'bar' %}
{% set foo %}
    <div id="pagination">
        Some text
    </div>
{% endset %}
~~~~~~~~~~~~~~~~~~~~~~~~~~~~~~~~~~~~~~~~~~~~~~~~~~~~~~~~~~~~~~~~~~~~~~~~~~~~~~~~
{% set list = [1, 2] %}
{% set foo = 0 %}
{% set foo = "foo" ~ "bar" %}
{% set foo =
    { "fruit": "apple", "shape": "round", "taste": "sweet", "region": "Europe" }
%}
{% set foo =
    {
        "fruit": "apple",
        "shape": "round",
        "taste": "sweet",
        "region": "Europe",
        "colour": "reddish"
    }
%}
{% set foo = "foo" %}
{% set bar = "bar" %}
{% set foo %}

    <div id="pagination">Some text</div>

{% endset %}
`;

exports[`spaceless.melody.twig 1`] = `
{% spaceless %}
<div class="qtp-item__text">
    Receive {{ formattedIncentive }} cash back for testing this hotel.
    Or just <span> be </span> happy!
</div>
{% endspaceless %}
~~~~~~~~~~~~~~~~~~~~~~~~~~~~~~~~~~~~~~~~~~~~~~~~~~~~~~~~~~~~~~~~~~~~~~~~~~~~~~~~
{% spaceless %}

    <div class="qtp-item__text">
        Receive {{ formattedIncentive }} cash back for testing this hotel. Or just
        <span>be</span> happy!
    </div>

{% endspaceless %}
`;
