// Jest Snapshot v1, https://goo.gl/fbAQLP

exports[`block.melody.twig 1`] = `
{% use "foo.twig" %}
{% use "blocks.html" with sidebar as base_sidebar, title as base_title %}
<section key="0">
{% block hello %}
    <div key="1" class="test">
        {{ message | lower | upper }}{% flush %}
        <span class="">{{ _context.name[1:] }}</span>
        {{ block('test') }}
        {{ include('test.twig') }}
        {% include 'test.twig' %}
    </div>
{% endblock %}
{% block bar foo %}
{{ block('hello') }}
</section>
~~~~~~~~~~~~~~~~~~~~~~~~~~~~~~~~~~~~~~~~~~~~~~~~~~~~~~~~~~~~~~~~~~~~~~~~~~~~~~~~
<section key="0">{{ block("hello") }}</section>
`;
